STDOUT:

STDERR:
Exception in thread "main" java.lang.RuntimeException: Rust panic: This is a panic message with a number: 42, a string: Hello, world!, a boolean: true, and a float: 3.14
	at org.rustlang.core.Core.panic_fmt(Core.kt:10)
	at panic.main(panic.rs)